// Jest Snapshot v1, https://goo.gl/fbAQLP

exports[`should render the home page 1`] = `ShallowWrapper {}`;
